**********************
Windows PowerShell transcript start
Start time: 20261002160522
Username: KESHAV_S_PC\kesha
RunAs User: KESHAV_S_PC\kesha
Configuration Name: 
Machine: KESHAV_S_PC (Microsoft Windows NT 10.0.26200.0)
Host Application: C:\windows\System32\WindowsPowerShell\v1.0\powershell.exe -NoProfile -NonInteractive -ExecutionPolicy Bypass -Command $__claudeCodeScript = $env:CLAUDE_CODE_SHELL_LAUNCHER_SCRIPT; $env:CLAUDE_CODE_SHELL_LAUNCHER_SCRIPT = $null; Invoke-Expression -Command $__claudeCodeScript
Process ID: 20796
PSVersion: 5.1.26100.9444
PSEdition: Desktop
PSCompatibleVersions: 1.0, 2.0, 3.0, 4.0, 5.0, 5.1.26100.9444
BuildVersion: 10.0.26100.9444
CLRVersion: 4.0.30319.42000
WSManStackVersion: 3.0
PSRemotingProtocolVersion: 2.3
SerializationVersion: 1.1.0.1
**********************
**********************
Windows PowerShell transcript end
End time: 20261002161014
**********************
